MPLINK 4.39, Linker
Linker Map File - Created Fri Dec 03 15:50:37 2021

                                 Section Info
                  Section       Type    Address   Location Size(Bytes)
                ---------  ---------  ---------  ---------  ---------
                   .org_0       code   0x000000    program   0x000004
                   .cinit    romdata   0x000004    program   0x000002
                   .org_1       code   0x000008    program   0x000008
                   .org_2       code   0x000100    program   0x00001a
                   .org_3       code   0x000200    program   0x00013e
  .config_300001_DEMO-1.O    romdata   0x300001    program   0x000001
  .config_300003_DEMO-1.O    romdata   0x300003    program   0x000001



                              Program Memory Usage 
                               Start         End      
                           ---------   ---------      
                            0x000000    0x000005      
                            0x000008    0x00000f      
                            0x000100    0x000119      
                            0x000200    0x00033d      
                            0x300001    0x300001      
                            0x300003    0x300003      
            360 out of 33048 program addresses used, program memory utilization is 1%



                              Symbols - Sorted by Name
                     Name    Address   Location    Storage File                     
                ---------  ---------  ---------  --------- ---------                
                   AD_ISR   0x00011a    program     static C:\Users\10024\OneDrive - The University of Nottingham Ningbo China\Year 4\Embedded computing\Embedded Computting CW1\Coursework 1_FIRST DEMO\demo-1.asm
                     BACK   0x00023c    program     static C:\Users\10024\OneDrive - The University of Nottingham Ningbo China\Year 4\Embedded computing\Embedded Computting CW1\Coursework 1_FIRST DEMO\demo-1.asm
                       D1   0x000324    program     static C:\Users\10024\OneDrive - The University of Nottingham Ningbo China\Year 4\Embedded computing\Embedded Computting CW1\Coursework 1_FIRST DEMO\demo-1.asm
                       D2   0x000328    program     static C:\Users\10024\OneDrive - The University of Nottingham Ningbo China\Year 4\Embedded computing\Embedded Computting CW1\Coursework 1_FIRST DEMO\demo-1.asm
                       D3   0x00032c    program     static C:\Users\10024\OneDrive - The University of Nottingham Ningbo China\Year 4\Embedded computing\Embedded Computting CW1\Coursework 1_FIRST DEMO\demo-1.asm
            DECIMAL_START   0x0002c8    program     static C:\Users\10024\OneDrive - The University of Nottingham Ningbo China\Year 4\Embedded computing\Embedded Computting CW1\Coursework 1_FIRST DEMO\demo-1.asm
                  DISPLAY   0x000246    program     static C:\Users\10024\OneDrive - The University of Nottingham Ningbo China\Year 4\Embedded computing\Embedded Computting CW1\Coursework 1_FIRST DEMO\demo-1.asm
                    HEERE   0x00031a    program     static C:\Users\10024\OneDrive - The University of Nottingham Ningbo China\Year 4\Embedded computing\Embedded Computting CW1\Coursework 1_FIRST DEMO\demo-1.asm
             HIGH_PROCESS   0x000216    program     static C:\Users\10024\OneDrive - The University of Nottingham Ningbo China\Year 4\Embedded computing\Embedded Computting CW1\Coursework 1_FIRST DEMO\demo-1.asm
                      IF0   0x000278    program     static C:\Users\10024\OneDrive - The University of Nottingham Ningbo China\Year 4\Embedded computing\Embedded Computting CW1\Coursework 1_FIRST DEMO\demo-1.asm
                      IF1   0x000280    program     static C:\Users\10024\OneDrive - The University of Nottingham Ningbo China\Year 4\Embedded computing\Embedded Computting CW1\Coursework 1_FIRST DEMO\demo-1.asm
                      IF2   0x000288    program     static C:\Users\10024\OneDrive - The University of Nottingham Ningbo China\Year 4\Embedded computing\Embedded Computting CW1\Coursework 1_FIRST DEMO\demo-1.asm
                      IF3   0x000290    program     static C:\Users\10024\OneDrive - The University of Nottingham Ningbo China\Year 4\Embedded computing\Embedded Computting CW1\Coursework 1_FIRST DEMO\demo-1.asm
                      IF4   0x000298    program     static C:\Users\10024\OneDrive - The University of Nottingham Ningbo China\Year 4\Embedded computing\Embedded Computting CW1\Coursework 1_FIRST DEMO\demo-1.asm
                      IF5   0x0002a0    program     static C:\Users\10024\OneDrive - The University of Nottingham Ningbo China\Year 4\Embedded computing\Embedded Computting CW1\Coursework 1_FIRST DEMO\demo-1.asm
                      IF6   0x0002a8    program     static C:\Users\10024\OneDrive - The University of Nottingham Ningbo China\Year 4\Embedded computing\Embedded Computting CW1\Coursework 1_FIRST DEMO\demo-1.asm
                      IF7   0x0002b0    program     static C:\Users\10024\OneDrive - The University of Nottingham Ningbo China\Year 4\Embedded computing\Embedded Computting CW1\Coursework 1_FIRST DEMO\demo-1.asm
                      IF8   0x0002b8    program     static C:\Users\10024\OneDrive - The University of Nottingham Ningbo China\Year 4\Embedded computing\Embedded Computting CW1\Coursework 1_FIRST DEMO\demo-1.asm
                      IF9   0x0002c0    program     static C:\Users\10024\OneDrive - The University of Nottingham Ningbo China\Year 4\Embedded computing\Embedded Computting CW1\Coursework 1_FIRST DEMO\demo-1.asm
                     IIF0   0x0002ca    program     static C:\Users\10024\OneDrive - The University of Nottingham Ningbo China\Year 4\Embedded computing\Embedded Computting CW1\Coursework 1_FIRST DEMO\demo-1.asm
                     IIF1   0x0002d2    program     static C:\Users\10024\OneDrive - The University of Nottingham Ningbo China\Year 4\Embedded computing\Embedded Computting CW1\Coursework 1_FIRST DEMO\demo-1.asm
                     IIF2   0x0002da    program     static C:\Users\10024\OneDrive - The University of Nottingham Ningbo China\Year 4\Embedded computing\Embedded Computting CW1\Coursework 1_FIRST DEMO\demo-1.asm
                     IIF3   0x0002e2    program     static C:\Users\10024\OneDrive - The University of Nottingham Ningbo China\Year 4\Embedded computing\Embedded Computting CW1\Coursework 1_FIRST DEMO\demo-1.asm
                     IIF4   0x0002ea    program     static C:\Users\10024\OneDrive - The University of Nottingham Ningbo China\Year 4\Embedded computing\Embedded Computting CW1\Coursework 1_FIRST DEMO\demo-1.asm
                     IIF5   0x0002f2    program     static C:\Users\10024\OneDrive - The University of Nottingham Ningbo China\Year 4\Embedded computing\Embedded Computting CW1\Coursework 1_FIRST DEMO\demo-1.asm
                     IIF6   0x0002fa    program     static C:\Users\10024\OneDrive - The University of Nottingham Ningbo China\Year 4\Embedded computing\Embedded Computting CW1\Coursework 1_FIRST DEMO\demo-1.asm
                     IIF7   0x000302    program     static C:\Users\10024\OneDrive - The University of Nottingham Ningbo China\Year 4\Embedded computing\Embedded Computting CW1\Coursework 1_FIRST DEMO\demo-1.asm
                     IIF8   0x00030a    program     static C:\Users\10024\OneDrive - The University of Nottingham Ningbo China\Year 4\Embedded computing\Embedded Computting CW1\Coursework 1_FIRST DEMO\demo-1.asm
                     IIF9   0x000312    program     static C:\Users\10024\OneDrive - The University of Nottingham Ningbo China\Year 4\Embedded computing\Embedded Computting CW1\Coursework 1_FIRST DEMO\demo-1.asm
            INTEGER_START   0x000276    program     static C:\Users\10024\OneDrive - The University of Nottingham Ningbo China\Year 4\Embedded computing\Embedded Computting CW1\Coursework 1_FIRST DEMO\demo-1.asm
              LOW_PROCESS   0x000228    program     static C:\Users\10024\OneDrive - The University of Nottingham Ningbo China\Year 4\Embedded computing\Embedded Computting CW1\Coursework 1_FIRST DEMO\demo-1.asm
                     MAIN   0x000100    program     static C:\Users\10024\OneDrive - The University of Nottingham Ningbo China\Year 4\Embedded computing\Embedded Computting CW1\Coursework 1_FIRST DEMO\demo-1.asm
                     OVER   0x000116    program     static C:\Users\10024\OneDrive - The University of Nottingham Ningbo China\Year 4\Embedded computing\Embedded Computting CW1\Coursework 1_FIRST DEMO\demo-1.asm
               QSEC_DELAY   0x000320    program     static C:\Users\10024\OneDrive - The University of Nottingham Ningbo China\Year 4\Embedded computing\Embedded Computting CW1\Coursework 1_FIRST DEMO\demo-1.asm
        SEPARATED_PROCESS   0x000232    program     static C:\Users\10024\OneDrive - The University of Nottingham Ningbo China\Year 4\Embedded computing\Embedded Computting CW1\Coursework 1_FIRST DEMO\demo-1.asm



                              Symbols - Sorted by Address
                     Name    Address   Location    Storage File                     
                ---------  ---------  ---------  --------- ---------                
                     MAIN   0x000100    program     static C:\Users\10024\OneDrive - The University of Nottingham Ningbo China\Year 4\Embedded computing\Embedded Computting CW1\Coursework 1_FIRST DEMO\demo-1.asm
                     OVER   0x000116    program     static C:\Users\10024\OneDrive - The University of Nottingham Ningbo China\Year 4\Embedded computing\Embedded Computting CW1\Coursework 1_FIRST DEMO\demo-1.asm
                   AD_ISR   0x00011a    program     static C:\Users\10024\OneDrive - The University of Nottingham Ningbo China\Year 4\Embedded computing\Embedded Computting CW1\Coursework 1_FIRST DEMO\demo-1.asm
             HIGH_PROCESS   0x000216    program     static C:\Users\10024\OneDrive - The University of Nottingham Ningbo China\Year 4\Embedded computing\Embedded Computting CW1\Coursework 1_FIRST DEMO\demo-1.asm
              LOW_PROCESS   0x000228    program     static C:\Users\10024\OneDrive - The University of Nottingham Ningbo China\Year 4\Embedded computing\Embedded Computting CW1\Coursework 1_FIRST DEMO\demo-1.asm
        SEPARATED_PROCESS   0x000232    program     static C:\Users\10024\OneDrive - The University of Nottingham Ningbo China\Year 4\Embedded computing\Embedded Computting CW1\Coursework 1_FIRST DEMO\demo-1.asm
                     BACK   0x00023c    program     static C:\Users\10024\OneDrive - The University of Nottingham Ningbo China\Year 4\Embedded computing\Embedded Computting CW1\Coursework 1_FIRST DEMO\demo-1.asm
                  DISPLAY   0x000246    program     static C:\Users\10024\OneDrive - The University of Nottingham Ningbo China\Year 4\Embedded computing\Embedded Computting CW1\Coursework 1_FIRST DEMO\demo-1.asm
            INTEGER_START   0x000276    program     static C:\Users\10024\OneDrive - The University of Nottingham Ningbo China\Year 4\Embedded computing\Embedded Computting CW1\Coursework 1_FIRST DEMO\demo-1.asm
                      IF0   0x000278    program     static C:\Users\10024\OneDrive - The University of Nottingham Ningbo China\Year 4\Embedded computing\Embedded Computting CW1\Coursework 1_FIRST DEMO\demo-1.asm
                      IF1   0x000280    program     static C:\Users\10024\OneDrive - The University of Nottingham Ningbo China\Year 4\Embedded computing\Embedded Computting CW1\Coursework 1_FIRST DEMO\demo-1.asm
                      IF2   0x000288    program     static C:\Users\10024\OneDrive - The University of Nottingham Ningbo China\Year 4\Embedded computing\Embedded Computting CW1\Coursework 1_FIRST DEMO\demo-1.asm
                      IF3   0x000290    program     static C:\Users\10024\OneDrive - The University of Nottingham Ningbo China\Year 4\Embedded computing\Embedded Computting CW1\Coursework 1_FIRST DEMO\demo-1.asm
                      IF4   0x000298    program     static C:\Users\10024\OneDrive - The University of Nottingham Ningbo China\Year 4\Embedded computing\Embedded Computting CW1\Coursework 1_FIRST DEMO\demo-1.asm
                      IF5   0x0002a0    program     static C:\Users\10024\OneDrive - The University of Nottingham Ningbo China\Year 4\Embedded computing\Embedded Computting CW1\Coursework 1_FIRST DEMO\demo-1.asm
                      IF6   0x0002a8    program     static C:\Users\10024\OneDrive - The University of Nottingham Ningbo China\Year 4\Embedded computing\Embedded Computting CW1\Coursework 1_FIRST DEMO\demo-1.asm
                      IF7   0x0002b0    program     static C:\Users\10024\OneDrive - The University of Nottingham Ningbo China\Year 4\Embedded computing\Embedded Computting CW1\Coursework 1_FIRST DEMO\demo-1.asm
                      IF8   0x0002b8    program     static C:\Users\10024\OneDrive - The University of Nottingham Ningbo China\Year 4\Embedded computing\Embedded Computting CW1\Coursework 1_FIRST DEMO\demo-1.asm
                      IF9   0x0002c0    program     static C:\Users\10024\OneDrive - The University of Nottingham Ningbo China\Year 4\Embedded computing\Embedded Computting CW1\Coursework 1_FIRST DEMO\demo-1.asm
            DECIMAL_START   0x0002c8    program     static C:\Users\10024\OneDrive - The University of Nottingham Ningbo China\Year 4\Embedded computing\Embedded Computting CW1\Coursework 1_FIRST DEMO\demo-1.asm
                     IIF0   0x0002ca    program     static C:\Users\10024\OneDrive - The University of Nottingham Ningbo China\Year 4\Embedded computing\Embedded Computting CW1\Coursework 1_FIRST DEMO\demo-1.asm
                     IIF1   0x0002d2    program     static C:\Users\10024\OneDrive - The University of Nottingham Ningbo China\Year 4\Embedded computing\Embedded Computting CW1\Coursework 1_FIRST DEMO\demo-1.asm
                     IIF2   0x0002da    program     static C:\Users\10024\OneDrive - The University of Nottingham Ningbo China\Year 4\Embedded computing\Embedded Computting CW1\Coursework 1_FIRST DEMO\demo-1.asm
                     IIF3   0x0002e2    program     static C:\Users\10024\OneDrive - The University of Nottingham Ningbo China\Year 4\Embedded computing\Embedded Computting CW1\Coursework 1_FIRST DEMO\demo-1.asm
                     IIF4   0x0002ea    program     static C:\Users\10024\OneDrive - The University of Nottingham Ningbo China\Year 4\Embedded computing\Embedded Computting CW1\Coursework 1_FIRST DEMO\demo-1.asm
                     IIF5   0x0002f2    program     static C:\Users\10024\OneDrive - The University of Nottingham Ningbo China\Year 4\Embedded computing\Embedded Computting CW1\Coursework 1_FIRST DEMO\demo-1.asm
                     IIF6   0x0002fa    program     static C:\Users\10024\OneDrive - The University of Nottingham Ningbo China\Year 4\Embedded computing\Embedded Computting CW1\Coursework 1_FIRST DEMO\demo-1.asm
                     IIF7   0x000302    program     static C:\Users\10024\OneDrive - The University of Nottingham Ningbo China\Year 4\Embedded computing\Embedded Computting CW1\Coursework 1_FIRST DEMO\demo-1.asm
                     IIF8   0x00030a    program     static C:\Users\10024\OneDrive - The University of Nottingham Ningbo China\Year 4\Embedded computing\Embedded Computting CW1\Coursework 1_FIRST DEMO\demo-1.asm
                     IIF9   0x000312    program     static C:\Users\10024\OneDrive - The University of Nottingham Ningbo China\Year 4\Embedded computing\Embedded Computting CW1\Coursework 1_FIRST DEMO\demo-1.asm
                    HEERE   0x00031a    program     static C:\Users\10024\OneDrive - The University of Nottingham Ningbo China\Year 4\Embedded computing\Embedded Computting CW1\Coursework 1_FIRST DEMO\demo-1.asm
               QSEC_DELAY   0x000320    program     static C:\Users\10024\OneDrive - The University of Nottingham Ningbo China\Year 4\Embedded computing\Embedded Computting CW1\Coursework 1_FIRST DEMO\demo-1.asm
                       D1   0x000324    program     static C:\Users\10024\OneDrive - The University of Nottingham Ningbo China\Year 4\Embedded computing\Embedded Computting CW1\Coursework 1_FIRST DEMO\demo-1.asm
                       D2   0x000328    program     static C:\Users\10024\OneDrive - The University of Nottingham Ningbo China\Year 4\Embedded computing\Embedded Computting CW1\Coursework 1_FIRST DEMO\demo-1.asm
                       D3   0x00032c    program     static C:\Users\10024\OneDrive - The University of Nottingham Ningbo China\Year 4\Embedded computing\Embedded Computting CW1\Coursework 1_FIRST DEMO\demo-1.asm


